> Task :app:preBuild UP-TO-DATE
> Task :app:preDebugBuild UP-TO-DATE
> Task :app:mergeDebugNativeDebugMetadata NO-SOURCE
> Task :app:checkKotlinGradlePluginConfigurationErrors
> Task :app:dataBindingMergeDependencyArtifactsDebug UP-TO-DATE
> Task :app:generateDebugResValues UP-TO-DATE
> Task :app:generateDebugResources UP-TO-DATE
> Task :app:mergeDebugResources UP-TO-DATE
> Task :app:packageDebugResources UP-TO-DATE
> Task :app:parseDebugLocalResources UP-TO-DATE
> Task :app:dataBindingGenBaseClassesDebug UP-TO-DATE
> Task :app:checkDebugAarMetadata UP-TO-DATE
> Task :app:mapDebugSourceSetPaths UP-TO-DATE
> Task :app:createDebugCompatibleScreenManifests UP-TO-DATE
> Task :app:extractDeepLinksDebug UP-TO-DATE
> Task :app:processDebugMainManifest UP-TO-DATE
> Task :app:processDebugManifest UP-TO-DATE
> Task :app:processDebugManifestForPackage UP-TO-DATE
> Task :app:processDebugResources UP-TO-DATE
> Task :app:kspDebugKotlin UP-TO-DATE
> Task :app:javaPreCompileDebug UP-TO-DATE
> Task :app:mergeDebugShaders UP-TO-DATE
> Task :app:compileDebugShaders NO-SOURCE
> Task :app:generateDebugAssets UP-TO-DATE
> Task :app:mergeDebugAssets UP-TO-DATE
> Task :app:compressDebugAssets UP-TO-DATE
> Task :app:checkDebugDuplicateClasses UP-TO-DATE
> Task :app:desugarDebugFileDependencies UP-TO-DATE
> Task :app:mergeExtDexDebug UP-TO-DATE
> Task :app:mergeLibDexDebug UP-TO-DATE
> Task :app:mergeDebugJniLibFolders UP-TO-DATE
> Task :app:mergeDebugNativeLibs UP-TO-DATE
> Task :app:stripDebugDebugSymbols UP-TO-DATE
> Task :app:validateSigningDebug UP-TO-DATE
> Task :app:writeDebugAppMetadata UP-TO-DATE
> Task :app:writeDebugSigningConfigVersions UP-TO-DATE

> Task :app:compileDebugKotlin FAILED
.\gradlew : e: file:///D:/Dev/MyWH/app/src/main/java/com/murr/mywh/MainActivity.kt:37:32 Not enough information to infer type variable T
At line:1 char:17
+ cd D:\Dev\MyWH; .\gradlew assembleDebug 2>&1 | Out-File -FilePath "D: ...
+                 ~~~~~~~~~~~~~~~~~~~~~~~~~~~~
    + CategoryInfo          : NotSpecified: (e: file:///D:/D...type variable T:String) [], RemoteException
    + FullyQualifiedErrorId : NativeCommandError
 
e: file:///D:/Dev/MyWH/app/src/main/java/com/murr/mywh/MainActivity.kt:37:32 Property delegate must have a 'getValue(Nothing?, KProperty<*>)' method. None of the following functions is suitable: 
public inline operator fun <T> State<???>.getValue(thisObj: Any?, property: KProperty<*>): ??? defined in androidx.compose.runtime
e: file:///D:/Dev/MyWH/app/src/main/java/com/murr/mywh/MainActivity.kt:37:77 Unresolved reference: isDarkTheme
e: file:///D:/Dev/MyWH/app/src/main/java/com/murr/mywh/activities/AllFoldersActivity.kt:129:23 Unresolved reference: loadNextPage
e: file:///D:/Dev/MyWH/app/src/main/java/com/murr/mywh/activities/AllFoldersActivity.kt:133:23 Unresolved reference: loadPreviousPage
e: file:///D:/Dev/MyWH/app/src/main/java/com/murr/mywh/activities/AllFoldersActivity.kt:140:40 Unresolved reference: searchFolders
e: file:///D:/Dev/MyWH/app/src/main/java/com/murr/mywh/activities/AllFoldersActivity.kt:145:42 Unresolved reference: searchFolders
e: file:///D:/Dev/MyWH/app/src/main/java/com/murr/mywh/activities/AllFoldersActivity.kt:265:27 Unresolved reference: moveFoldersToStorage
e: file:///D:/Dev/MyWH/app/src/main/java/com/murr/mywh/activities/AllFoldersActivity.kt:277:27 Unresolved reference: deleteFolders
e: file:///D:/Dev/MyWH/app/src/main/java/com/murr/mywh/activities/FolderDetailActivity.kt:67:19 Cannot access 'loadFolder': it is private in 'FolderDetailViewModel'
e: file:///D:/Dev/MyWH/app/src/main/java/com/murr/mywh/activities/FolderDetailActivity.kt:67:30 Too many arguments for private final fun loadFolder(): Unit defined in com.murr.mywh.viewmodels.FolderDetailViewModel
e: file:///D:/Dev/MyWH/app/src/main/java/com/murr/mywh/activities/FolderDetailActivity.kt:147:19 Unresolved reference: currentFolder
e: file:///D:/Dev/MyWH/app/src/main/java/com/murr/mywh/activities/FolderDetailActivity.kt:147:49 Cannot infer a type for this parameter. Please specify it explicitly.
e: file:///D:/Dev/MyWH/app/src/main/java/com/murr/mywh/activities/FolderDetailActivity.kt:149:43 Unresolved reference: it
e: file:///D:/Dev/MyWH/app/src/main/java/com/murr/mywh/activities/FolderDetailActivity.kt:152:45 Unresolved reference: it
e: file:///D:/Dev/MyWH/app/src/main/java/com/murr/mywh/activities/FolderDetailActivity.kt:153:46 Unresolved reference: it
e: file:///D:/Dev/MyWH/app/src/main/java/com/murr/mywh/activities/FolderDetailActivity.kt:157:44 Unresolved reference: it
e: file:///D:/Dev/MyWH/app/src/main/java/com/murr/mywh/activities/FolderDetailActivity.kt:159:44 Unresolved reference: it
e: file:///D:/Dev/MyWH/app/src/main/java/com/murr/mywh/activities/FolderDetailActivity.kt:162:27 Unresolved reference: loadStorageName
e: file:///D:/Dev/MyWH/app/src/main/java/com/murr/mywh/activities/FolderDetailActivity.kt:162:43 Unresolved reference: it
e: file:///D:/Dev/MyWH/app/src/main/java/com/murr/mywh/activities/FolderDetailActivity.kt:170:19 Unresolved reference: subFolders
e: file:///D:/Dev/MyWH/app/src/main/java/com/murr/mywh/activities/FolderDetailActivity.kt:170:46 Cannot infer a type for this parameter. Please specify it explicitly.
e: file:///D:/Dev/MyWH/app/src/main/java/com/murr/mywh/activities/FolderDetailActivity.kt:181:23 Unresolved reference: currentFolder
e: file:///D:/Dev/MyWH/app/src/main/java/com/murr/mywh/activities/FolderDetailActivity.kt:181:61 Type mismatch: inferred type is View! but Folder was expected
e: file:///D:/Dev/MyWH/app/src/main/java/com/murr/mywh/activities/FolderDetailActivity.kt:185:23 Unresolved reference: currentFolder
e: file:///D:/Dev/MyWH/app/src/main/java/com/murr/mywh/activities/FolderDetailActivity.kt:185:50 Cannot infer a type for this parameter. Please specify it explicitly.
e: file:///D:/Dev/MyWH/app/src/main/java/com/murr/mywh/activities/FolderDetailActivity.kt:191:23 Unresolved reference: currentFolder
e: file:///D:/Dev/MyWH/app/src/main/java/com/murr/mywh/activities/FolderDetailActivity.kt:191:50 Cannot infer a type for this parameter. Please specify it explicitly.
e: file:///D:/Dev/MyWH/app/src/main/java/com/murr/mywh/activities/FolderDetailActivity.kt:201:31 Unresolved reference: searchSubFolders
e: file:///D:/Dev/MyWH/app/src/main/java/com/murr/mywh/activities/FolderDetailActivity.kt:210:31 Unresolved reference: searchSubFolders
e: file:///D:/Dev/MyWH/app/src/main/java/com/murr/mywh/activities/FolderDetailActivity.kt:251:23 Unresolved reference: addSubFolder
e: file:///D:/Dev/MyWH/app/src/main/java/com/murr/mywh/activities/FolderDetailActivity.kt:264:36 Type mismatch: inferred type is Folder but String was expected
e: file:///D:/Dev/MyWH/app/src/main/java/com/murr/mywh/activities/FolderDetailActivity.kt:264:36 No value passed for parameter 'description'
e: file:///D:/Dev/MyWH/app/src/main/java/com/murr/mywh/activities/FolderDetailActivity.kt:282:36 Unresolved reference: toggleFolderMark
e: file:///D:/Dev/MyWH/app/src/main/java/com/murr/mywh/activities/FolderDetailActivity.kt:293:40 Too many arguments for public final fun deleteFolder(): Unit defined in com.murr.mywh.viewmodels.FolderDetailViewModel
e: file:///D:/Dev/MyWH/app/src/main/java/com/murr/mywh/activities/FolderDetailActivity.kt:300:19 Unresolved reference: loadAllStorages
e: file:///D:/Dev/MyWH/app/src/main/java/com/murr/mywh/activities/FolderDetailActivity.kt:300:37 Cannot infer a type for this parameter. Please specify it explicitly.
e: file:///D:/Dev/MyWH/app/src/main/java/com/murr/mywh/activities/FolderDetailActivity.kt:301:47 Unresolved reference: it
e: file:///D:/Dev/MyWH/app/src/main/java/com/murr/mywh/activities/FolderDetailActivity.kt:302:45 Unresolved reference: it
e: file:///D:/Dev/MyWH/app/src/main/java/com/murr/mywh/activities/FolderDetailActivity.kt:303:56 Unresolved reference: it
e: file:///D:/Dev/MyWH/app/src/main/java/com/murr/mywh/activities/FolderDetailActivity.kt:307:18 Overload resolution ambiguity: 
public open fun setSingleChoiceItems(p0: ListAdapter!, p1: Int, p2: DialogInterface.OnClickListener!): AlertDialog.Builder! defined in androidx.appcompat.app.AlertDialog.Builder
public open fun setSingleChoiceItems(p0: Array<(out) CharSequence!>!, p1: Int, p2: DialogInterface.OnClickListener!): AlertDialog.Builder! defined in androidx.appcompat.app.AlertDialog.Builder
public open fun setSingleChoiceItems(p0: Int, p1: Int, p2: DialogInterface.OnClickListener!): AlertDialog.Builder! defined in androidx.appcompat.app.AlertDialog.Builder
e: file:///D:/Dev/MyWH/app/src/main/java/com/murr/mywh/activities/FolderDetailActivity.kt:307:69 Cannot infer a type for this parameter. Please specify it explicitly.
e: file:///D:/Dev/MyWH/app/src/main/java/com/murr/mywh/activities/FolderDetailActivity.kt:307:77 Cannot infer a type for this parameter. Please specify it explicitly.
e: file:///D:/Dev/MyWH/app/src/main/java/com/murr/mywh/activities/FolderDetailActivity.kt:312:48 Type mismatch: inferred type is Folder but String was expected
e: file:///D:/Dev/MyWH/app/src/main/java/com/murr/mywh/activities/FolderDetailActivity.kt:312:48 No value passed for parameter 'description'
e: file:///D:/Dev/MyWH/app/src/main/java/com/murr/mywh/activities/FolderDetailActivity.kt:313:35 Unresolved reference: loadStorageName
e: file:///D:/Dev/MyWH/app/src/main/java/com/murr/mywh/activities/StatisticsActivity.kt:65:19 Unresolved reference: statistics
e: file:///D:/Dev/MyWH/app/src/main/java/com/murr/mywh/activities/StatisticsActivity.kt:65:46 Cannot infer a type for this parameter. Please specify it explicitly.
e: file:///D:/Dev/MyWH/app/src/main/java/com/murr/mywh/activities/StatisticsActivity.kt:71:19 Cannot access 'loadStatistics': it is private in 'StatisticsViewModel'
e: file:///D:/Dev/MyWH/app/src/main/java/com/murr/mywh/ui/components/AppDrawer.kt:22:35 Unresolved reference: dp
e: file:///D:/Dev/MyWH/app/src/main/java/com/murr/mywh/ui/components/AppDrawer.kt:34:57 Unresolved reference: dp
e: file:///D:/Dev/MyWH/app/src/main/java/com/murr/mywh/ui/components/AppDrawer.kt:37:58 Unresolved reference: dp
e: file:///D:/Dev/MyWH/app/src/main/java/com/murr/mywh/ui/components/AppDrawer.kt:51:57 Unresolved reference: dp
e: file:///D:/Dev/MyWH/app/src/main/java/com/murr/mywh/ui/components/AppDrawer.kt:65:57 Unresolved reference: dp
e: file:///D:/Dev/MyWH/app/src/main/java/com/murr/mywh/ui/components/AppDrawer.kt:79:57 Unresolved reference: dp
e: file:///D:/Dev/MyWH/app/src/main/java/com/murr/mywh/ui/components/AppDrawer.kt:93:57 Unresolved reference: dp
e: file:///D:/Dev/MyWH/app/src/main/java/com/murr/mywh/ui/components/AppDrawer.kt:107:57 Unresolved reference: dp
e: file:///D:/Dev/MyWH/app/src/main/java/com/murr/mywh/ui/components/AppDrawer.kt:110:58 Unresolved reference: dp
e: file:///D:/Dev/MyWH/app/src/main/java/com/murr/mywh/ui/components/AppDrawer.kt:123:57 Unresolved reference: dp
e: file:///D:/Dev/MyWH/app/src/main/java/com/murr/mywh/ui/components/AppDrawer.kt:137:57 Unresolved reference: dp
e: file:///D:/Dev/MyWH/app/src/main/java/com/murr/mywh/ui/components/AppDrawer.kt:140:35 Unresolved reference: dp
e: file:///D:/Dev/MyWH/app/src/main/java/com/murr/mywh/ui/screens/AllFoldersScreen.kt:11:33 Unresolved reference: livedata
e: file:///D:/Dev/MyWH/app/src/main/java/com/murr/mywh/ui/screens/AllFoldersScreen.kt:32:38 Unresolved reference: observeAsState
e: file:///D:/Dev/MyWH/app/src/main/java/com/murr/mywh/ui/screens/AllFoldersScreen.kt:33:44 Unresolved reference: observeAsState
e: file:///D:/Dev/MyWH/app/src/main/java/com/murr/mywh/ui/screens/AllFoldersScreen.kt:34:54 Unresolved reference: observeAsState
e: file:///D:/Dev/MyWH/app/src/main/java/com/murr/mywh/ui/screens/AllFoldersScreen.kt:35:54 Unresolved reference: observeAsState
e: file:///D:/Dev/MyWH/app/src/main/java/com/murr/mywh/ui/screens/AllFoldersScreen.kt:88:34 Type mismatch: inferred type is Int but Folder was expected
e: file:///D:/Dev/MyWH/app/src/main/java/com/murr/mywh/ui/screens/AllFoldersScreen.kt:89:57 Unresolved reference: storageId
e: file:///D:/Dev/MyWH/app/src/main/java/com/murr/mywh/ui/screens/AllFoldersScreen.kt:92:72 Unresolved reference: id
e: file:///D:/Dev/MyWH/app/src/main/java/com/murr/mywh/ui/screens/AllFoldersScreen.kt:95:76 Unresolved reference: storageId
e: file:///D:/Dev/MyWH/app/src/main/java/com/murr/mywh/ui/screens/AllFoldersScreen.kt:95:94 Unresolved reference: id
e: file:///D:/Dev/MyWH/app/src/main/java/com/murr/mywh/ui/screens/AllFoldersScreen.kt:100:58 Type mismatch: inferred type is Int but Folder was expected
e: file:///D:/Dev/MyWH/app/src/main/java/com/murr/mywh/ui/screens/AllFoldersScreen.kt:102:70 Unresolved reference: id
e: file:///D:/Dev/MyWH/app/src/main/java/com/murr/mywh/ui/screens/FavoritesScreen.kt:9:33 Unresolved reference: livedata
e: file:///D:/Dev/MyWH/app/src/main/java/com/murr/mywh/ui/screens/FavoritesScreen.kt:29:44 Unresolved reference: observeAsState
e: file:///D:/Dev/MyWH/app/src/main/java/com/murr/mywh/ui/screens/FavoritesScreen.kt:30:44 Unresolved reference: observeAsState
e: file:///D:/Dev/MyWH/app/src/main/java/com/murr/mywh/ui/screens/FavoritesScreen.kt:51:30 Type mismatch: inferred type is Int but Folder was expected
e: file:///D:/Dev/MyWH/app/src/main/java/com/murr/mywh/ui/screens/FavoritesScreen.kt:52:53 Unresolved reference: storageId
e: file:///D:/Dev/MyWH/app/src/main/java/com/murr/mywh/ui/screens/FavoritesScreen.kt:55:68 Unresolved reference: storageId
e: file:///D:/Dev/MyWH/app/src/main/java/com/murr/mywh/ui/screens/FavoritesScreen.kt:55:86 Unresolved reference: id
e: file:///D:/Dev/MyWH/app/src/main/java/com/murr/mywh/ui/screens/FavoritesScreen.kt:59:54 Type mismatch: inferred type is Int but Folder was expected
e: file:///D:/Dev/MyWH/app/src/main/java/com/murr/mywh/ui/screens/FolderDetailScreen.kt:15:33 Unresolved reference: livedata
e: file:///D:/Dev/MyWH/app/src/main/java/com/murr/mywh/ui/screens/FolderDetailScreen.kt:42:36 Unresolved reference: observeAsState
e: file:///D:/Dev/MyWH/app/src/main/java/com/murr/mywh/ui/screens/FolderDetailScreen.kt:43:46 Unresolved reference: observeAsState
e: file:///D:/Dev/MyWH/app/src/main/java/com/murr/mywh/ui/screens/FolderDetailScreen.kt:61:9 Cannot find a parameter with this name: topAppBar
e: file:///D:/Dev/MyWH/app/src/main/java/com/murr/mywh/ui/screens/FolderDetailScreen.kt:62:13 @Composable invocations can only happen from the context of a @Composable function
e: file:///D:/Dev/MyWH/app/src/main/java/com/murr/mywh/ui/screens/FolderDetailScreen.kt:120:21 Overload resolution ambiguity: 
public fun Text(text: AnnotatedString, modifier: Modifier = ..., color: Color = ..., fontSize: TextUnit = ..., fontStyle: FontStyle? = ..., fontWeight: FontWeight? = ..., fontFamily: FontFamily? = ..., letterSpacing: TextUnit = ..., 
textDecoration: TextDecoration? = ..., textAlign: TextAlign? = ..., lineHeight: TextUnit = ..., overflow: TextOverflow = ..., softWrap: Boolean = ..., maxLines: Int = ..., minLines: Int = ..., inlineContent: Map<String, InlineTextContent> = 
..., onTextLayout: (TextLayoutResult) -> Unit = ..., style: TextStyle = ...): Unit defined in androidx.compose.material3
public fun Text(text: String, modifier: Modifier = ..., color: Color = ..., fontSize: TextUnit = ..., fontStyle: FontStyle? = ..., fontWeight: FontWeight? = ..., fontFamily: FontFamily? = ..., letterSpacing: TextUnit = ..., textDecoration: 
TextDecoration? = ..., textAlign: TextAlign? = ..., lineHeight: TextUnit = ..., overflow: TextOverflow = ..., softWrap: Boolean = ..., maxLines: Int = ..., minLines: Int = ..., onTextLayout: ((TextLayoutResult) -> Unit)? = ..., style: 
TextStyle = ...): Unit defined in androidx.compose.material3
e: file:///D:/Dev/MyWH/app/src/main/java/com/murr/mywh/ui/screens/FolderDetailScreen.kt:137:63 @Composable invocations can only happen from the context of a @Composable function
e: file:///D:/Dev/MyWH/app/src/main/java/com/murr/mywh/ui/screens/HomeScreen.kt:11:33 Unresolved reference: livedata
e: file:///D:/Dev/MyWH/app/src/main/java/com/murr/mywh/ui/screens/HomeScreen.kt:35:50 Unresolved reference: observeAsState
e: file:///D:/Dev/MyWH/app/src/main/java/com/murr/mywh/ui/screens/HomeScreen.kt:36:40 Unresolved reference: observeAsState
e: file:///D:/Dev/MyWH/app/src/main/java/com/murr/mywh/ui/screens/HomeScreen.kt:37:44 Unresolved reference: observeAsState
e: file:///D:/Dev/MyWH/app/src/main/java/com/murr/mywh/ui/screens/HomeScreen.kt:46:61 Cannot find a parameter with this name: bottom
e: file:///D:/Dev/MyWH/app/src/main/java/com/murr/mywh/ui/screens/HomeScreen.kt:69:34 Type mismatch: inferred type is Int but Folder was expected
e: file:///D:/Dev/MyWH/app/src/main/java/com/murr/mywh/ui/screens/HomeScreen.kt:70:57 Unresolved reference: storageId
e: file:///D:/Dev/MyWH/app/src/main/java/com/murr/mywh/ui/screens/HomeScreen.kt:73:72 Unresolved reference: storageId
e: file:///D:/Dev/MyWH/app/src/main/java/com/murr/mywh/ui/screens/HomeScreen.kt:73:90 Unresolved reference: id
e: file:///D:/Dev/MyWH/app/src/main/java/com/murr/mywh/ui/screens/HomeScreen.kt:77:58 Type mismatch: inferred type is Int but Folder was expected
e: file:///D:/Dev/MyWH/app/src/main/java/com/murr/mywh/ui/screens/HomeScreen.kt:105:35 Type mismatch: inferred type is Int but Storage was expected
e: file:///D:/Dev/MyWH/app/src/main/java/com/murr/mywh/ui/screens/HomeScreen.kt:107:93 Unresolved reference: id
e: file:///D:/Dev/MyWH/app/src/main/java/com/murr/mywh/ui/screens/SettingsScreen.kt:27:24 Not enough information to infer type variable T
e: file:///D:/Dev/MyWH/app/src/main/java/com/murr/mywh/ui/screens/SettingsScreen.kt:27:24 Property delegate must have a 'getValue(Nothing?, KProperty<*>)' method. None of the following functions is suitable: 
public inline operator fun <T> State<???>.getValue(thisObj: Any?, property: KProperty<*>): ??? defined in androidx.compose.runtime
e: file:///D:/Dev/MyWH/app/src/main/java/com/murr/mywh/ui/screens/SettingsScreen.kt:27:69 Unresolved reference: isDarkTheme
e: file:///D:/Dev/MyWH/app/src/main/java/com/murr/mywh/ui/screens/SettingsScreen.kt:67:44 Unresolved reference: isDarkTheme
e: file:///D:/Dev/MyWH/app/src/main/java/com/murr/mywh/ui/screens/StatisticsScreen.kt:9:33 Unresolved reference: livedata
e: file:///D:/Dev/MyWH/app/src/main/java/com/murr/mywh/ui/screens/StatisticsScreen.kt:27:48 Unresolved reference: observeAsState
e: file:///D:/Dev/MyWH/app/src/main/java/com/murr/mywh/ui/screens/StatisticsScreen.kt:28:50 Unresolved reference: observeAsState
e: file:///D:/Dev/MyWH/app/src/main/java/com/murr/mywh/ui/screens/StatisticsScreen.kt:29:50 Unresolved reference: observeAsState
e: file:///D:/Dev/MyWH/app/src/main/java/com/murr/mywh/ui/screens/StatisticsScreen.kt:30:56 Unresolved reference: observeAsState
e: file:///D:/Dev/MyWH/app/src/main/java/com/murr/mywh/ui/screens/StorageDetailScreen.kt:11:33 Unresolved reference: livedata
e: file:///D:/Dev/MyWH/app/src/main/java/com/murr/mywh/ui/screens/StorageDetailScreen.kt:37:38 Unresolved reference: observeAsState
e: file:///D:/Dev/MyWH/app/src/main/java/com/murr/mywh/ui/screens/StorageDetailScreen.kt:38:38 Unresolved reference: observeAsState
e: file:///D:/Dev/MyWH/app/src/main/java/com/murr/mywh/ui/screens/StorageDetailScreen.kt:51:9 Cannot find a parameter with this name: topAppBar
e: file:///D:/Dev/MyWH/app/src/main/java/com/murr/mywh/ui/screens/StorageDetailScreen.kt:52:13 @Composable invocations can only happen from the context of a @Composable function
e: file:///D:/Dev/MyWH/app/src/main/java/com/murr/mywh/ui/screens/StorageDetailScreen.kt:110:38 Type mismatch: inferred type is Int but Folder was expected
e: file:///D:/Dev/MyWH/app/src/main/java/com/murr/mywh/ui/screens/StorageDetailScreen.kt:114:76 Unresolved reference: storageId
e: file:///D:/Dev/MyWH/app/src/main/java/com/murr/mywh/ui/screens/StorageDetailScreen.kt:114:94 Unresolved reference: id
e: file:///D:/Dev/MyWH/app/src/main/java/com/murr/mywh/ui/screens/StorageDetailScreen.kt:118:62 Type mismatch: inferred type is Int but Folder was expected
e: file:///D:/Dev/MyWH/app/src/main/java/com/murr/mywh/ui/screens/StoragesScreen.kt:11:33 Unresolved reference: livedata
e: file:///D:/Dev/MyWH/app/src/main/java/com/murr/mywh/ui/screens/StoragesScreen.kt:33:40 Unresolved reference: observeAsState
e: file:///D:/Dev/MyWH/app/src/main/java/com/murr/mywh/ui/screens/StoragesScreen.kt:54:85 Cannot find a parameter with this name: bottom
e: file:///D:/Dev/MyWH/app/src/main/java/com/murr/mywh/ui/screens/StoragesScreen.kt:58:35 Type mismatch: inferred type is Int but Storage was expected
e: file:///D:/Dev/MyWH/app/src/main/java/com/murr/mywh/ui/screens/StoragesScreen.kt:60:93 Unresolved reference: id
32 actionable tasks: 2 executed, 30 up-to-date
e: file:///D:/Dev/MyWH/app/src/main/java/com/murr/mywh/utils/DataManager.kt:4:19 Unresolved reference: gson
e: file:///D:/Dev/MyWH/app/src/main/java/com/murr/mywh/utils/DataManager.kt:5:19 Unresolved reference: gson
e: file:///D:/Dev/MyWH/app/src/main/java/com/murr/mywh/utils/DataManager.kt:17:24 Unresolved reference: Gson
e: file:///D:/Dev/MyWH/app/src/main/java/com/murr/mywh/utils/DataManager.kt:51:41 Unresolved reference: TypeToken
e: file:///D:/Dev/MyWH/app/src/main/java/com/murr/mywh/utils/DataManager.kt:51:68 Unresolved reference: type

FAILURE: Build failed with an exception.

* What went wrong:
Execution failed for task ':app:compileDebugKotlin'.
> A failure occurred while executing org.jetbrains.kotlin.compilerRunner.GradleCompilerRunnerWithWorkers$GradleKotlinCompilerWorkAction
   > Compilation error. See log for more details

* Try:
> Run with --stacktrace option to get the stack trace.
> Run with --info or --debug option to get more log output.
> Run with --scan to get full insights.
> Get more help at https://help.gradle.org.

BUILD FAILED in 3s
